// Jest Snapshot v1, https://goo.gl/fbAQLP

exports[`Test Table component 1`] = `
<table
  className="table table-striped table-bordered table-hover"
>
  <thead>
    <tr>
      <th
        className="text-capitalize"
      >
        file
      </th>
      <th
        className="text-capitalize"
      >
        text
      </th>
      <th
        className="text-capitalize"
      >
        number
      </th>
      <th
        className="text-capitalize"
      >
        hex
      </th>
    </tr>
  </thead>
  <tbody>
    <tr>
      <td>
        test2.csv
      </td>
      <td>
        tqKxqXUH
      </td>
      <td>
        680974973
      </td>
      <td>
        5e9cf3e506b04f0f7f48085451446dce
      </td>
    </tr>
    <tr>
      <td>
        test3.csv
      </td>
      <td>
        HebylCEvV
      </td>
      <td>
        48412389674640590714593150492362
      </td>
      <td>
        747fe600c914195ba929e13a186bdb8c
      </td>
    </tr>
    <tr>
      <td>
        test3.csv
      </td>
      <td>
        BNMncTytoBhrokGimNYLj
      </td>
      <td>
        55557
      </td>
      <td>
        c6f9121cb0f4f5b12d75d195775009c3
      </td>
    </tr>
    <tr>
      <td>
        test3.csv
      </td>
      <td>
        cxgcQptaopPzlXhfdfoYsXtjvHt
      </td>
      <td>
        23712
      </td>
      <td>
        fb70c9c2f77f089d98ea96ac845865c3
      </td>
    </tr>
    <tr>
      <td>
        test6.csv
      </td>
      <td>
        qQgxysMGOUS
      </td>
      <td>
        37354515
      </td>
      <td>
        82a8617c78cb66e71195bd9e8cb48148
      </td>
    </tr>
    <tr>
      <td>
        test6.csv
      </td>
      <td>
        VXROxXvNHFHbzkvVCOyNRPlcwK
      </td>
      <td>
        998522
      </td>
      <td>
        911ff44c23f2396fd4b9c51ec6ffdabf
      </td>
    </tr>
    <tr>
      <td>
        test6.csv
      </td>
      <td>
        MvfONHGpFjkhcljtdN
      </td>
      <td>
        29523789124890379908867190832017
      </td>
      <td>
        b6b806bdf56ac1eefccd4153bd7c19cf
      </td>
    </tr>
    <tr>
      <td>
        test6.csv
      </td>
      <td>
        iYfe
      </td>
      <td>
        942571
      </td>
      <td>
        ef6a04d2b5c9d753c9d33719fcbaca25
      </td>
    </tr>
    <tr>
      <td>
        test6.csv
      </td>
      <td>
        azQrlVVCJHwxBbNrllShTjgOIHTzP
      </td>
      <td>
        1751438
      </td>
      <td>
        9447fc4bf98be72b73c0acdf3fd755f1
      </td>
    </tr>
    <tr>
      <td>
        test6.csv
      </td>
      <td>
        RioTvLjPNgrnBogoZJOrMdKWGog
      </td>
      <td>
        3309
      </td>
      <td>
        6a1948c3645288377be04998012195bc
      </td>
    </tr>
    <tr>
      <td>
        test6.csv
      </td>
      <td>
        rntMJ
      </td>
      <td>
        62985826
      </td>
      <td>
        ff8ddb5ea003924643ffe991a581dcde
      </td>
    </tr>
  </tbody>
</table>
`;

exports[`Test empty Table component 1`] = `
<table
  className="table table-striped table-bordered table-hover"
>
  <thead>
    <tr>
      <th>
        No Results
      </th>
    </tr>
  </thead>
  <tbody />
</table>
`;

exports[`Test first render of Table component 1`] = `
<div
  className="d-flex justify-content-center"
>
  <div
    className="spinner-border"
  />
</div>
`;
